// Jest Snapshot v1, https://goo.gl/fbAQLP

exports[`<Header/> renderer Header snapshot correcly 1`] = `
<h1
  className="sc-bdnxRM drflgB"
>
  Head
</h1>
`;
